C:\Users\HP\Desktop\Yeni klasör\RADPYS\RADPYS-1>pytest -v
=========================================================================================================== test session starts ============================================================================================================
platform win32 -- Python 3.12.4, pytest-8.2.0, pluggy-1.5.0 -- C:\Users\HP\Desktop\Yeni klasör\WPy64-31241\python-3.12.4.amd64\python.exe
cachedir: .pytest_cache
hypothesis profile 'default' -> database=DirectoryBasedExampleDatabase(WindowsPath('C:/Users/HP/Desktop/Yeni klasör/RADPYS/RADPYS-1/.hypothesis/examples'))
PySide6 6.10.1 -- Qt runtime 6.10.1 -- Qt compiled 6.10.1
rootdir: C:\Users\HP\Desktop\Yeni klasör\RADPYS\RADPYS-1
plugins: anyio-4.4.0, dash-2.17.0, hypothesis-6.100.5, jaxtyping-0.2.22, cov-7.0.0, qt-4.5.0, typeguard-2.13.3
collected 127 items

tests/test_auth_service.py::TestGiris::test_admin_giris_basarili PASSED                                                                                                                                                               [  0%]
tests/test_auth_service.py::TestGiris::test_hatali_parola PASSED                                                                                                                                                                      [  1%]
tests/test_auth_service.py::TestKullaniciYonetimi::test_admin_kullanici_ekleyebilir PASSED                                                                                                                                            [  2%]
tests/test_auth_service.py::TestKullaniciYonetimi::test_ayni_ad_ile_eklenemez PASSED                                                                                                                                                  [  3%]
tests/test_auth_service.py::TestKullaniciYonetimi::test_normal_kullanici_ekleyemez PASSED                                                                                                                                             [  3%]
tests/test_auth_service.py::TestKullaniciYonetimi::test_yonetici_listeleyebilir_ama_ekleyemez PASSED                                                                                                                                  [  4%]
tests/test_auth_service.py::TestKullaniciYonetimi::test_admin_rol_gunceller PASSED                                                                                                                                                    [  5%]
tests/test_auth_service.py::TestKullaniciYonetimi::test_admin_pasife_alir_ve_aktif_eder PASSED                                                                                                                                        [  6%]
tests/test_auth_usecases.py::TestKullaniciEkleUseCase::test_basarili PASSED                                                                                                                                                           [  7%]
tests/test_auth_usecases.py::TestKullaniciEkleUseCase::test_gecersiz_rol PASSED                                                                                                                                                       [  7%]
tests/test_auth_usecases.py::TestKullaniciEkleUseCase::test_tekrarli_ad PASSED                                                                                                                                                        [  8%]
tests/test_auth_usecases.py::TestKullaniciGuncelleUseCase::test_rol_gunceller PASSED                                                                                                                                                  [  9%]
tests/test_auth_usecases.py::TestKullaniciGuncelleUseCase::test_aktiflik_gunceller PASSED                                                                                                                                             [ 10%]
tests/test_bootstrap.py::test_dizinleri_olustur PASSED                                                                                                                                                                                [ 11%]
tests/test_bootstrap.py::test_logging_kur_log_dosyasini_olusturur PASSED                                                                                                                                                              [ 11%]
tests/test_bootstrap.py::test_veri_katmanini_hazirla_migration_ve_tablolar PASSED                                                                                                                                                     [ 12%]
tests/test_database.py::TestDatabase::test_baglanti_acilir PASSED                                                                                                                                                                     [ 13%]
tests/test_database.py::TestDatabase::test_fetchone_yok PASSED                                                                                                                                                                        [ 14%]
tests/test_database.py::TestDatabase::test_fetchall_bos PASSED                                                                                                                                                                        [ 14%]
tests/test_database.py::TestDatabase::test_insert_fetchone PASSED                                                                                                                                                                     [ 15%]
tests/test_database.py::TestDatabase::test_fetchval PASSED                                                                                                                                                                            [ 16%]
tests/test_database.py::TestDatabase::test_transaction_commit PASSED                                                                                                                                                                  [ 17%]
tests/test_database.py::TestDatabase::test_transaction_rollback PASSED                                                                                                                                                                [ 18%]
tests/test_database.py::TestDatabase::test_tablo_var_mi PASSED                                                                                                                                                                        [ 18%]
tests/test_database.py::TestDatabase::test_fk_aktif PASSED                                                                                                                                                                            [ 19%]
tests/test_database.py::TestMigrations::test_migration_calisiyor PASSED                                                                                                                                                               [ 20%]
tests/test_database.py::TestMigrations::test_tekrar_migration_zarar_vermez PASSED                                                                                                                                                     [ 21%]
tests/test_database.py::TestMigrations::test_seed_yuklendi PASSED                                                                                                                                                                     [ 22%]
tests/test_database.py::TestMigrations::test_gorev_yeri_seed PASSED                                                                                                                                                                   [ 22%]
tests/test_database.py::TestMigrations::test_tatil_seed PASSED                                                                                                                                                                        [ 23%]
tests/test_database.py::TestMigrations::test_versiyon_kayitlandi PASSED                                                                                                                                                               [ 24%]
tests/test_module_registry.py::TestRegistryYukleme::test_get_all_bos_degildir PASSED                                                                                                                                                  [ 25%]
tests/test_module_registry.py::TestRegistryYukleme::test_varsayilan_id_beklenen_deger PASSED                                                                                                                                          [ 25%]
tests/test_module_registry.py::TestRegistryYukleme::test_get_bolumler_bolum_ve_modul_icerir PASSED                                                                                                                                    [ 26%]
tests/test_module_registry.py::TestSayfaOlustur::test_bilinmeyen_modul_hata_firlatir PASSED                                                                                                                                           [ 27%]
tests/test_module_registry.py::TestSayfaOlustur::test_gecersiz_page_cls_hata_firlatir PASSED                                                                                                                                          [ 28%]
tests/test_module_registry.py::TestSayfaOlustur::test_oturum_parametresi_desteklemeyen_sinifa_fallback PASSED                                                                                                                         [ 29%]
tests/test_personel_service.py::TestEkle::test_basarili PASSED                                                                                                                                                                        [ 29%]
tests/test_personel_service.py::TestEkle::test_donus_id_db_de_var PASSED                                                                                                                                                              [ 30%]
tests/test_personel_service.py::TestEkle::test_ayni_tc_iki_kez_eklenemez PASSED                                                                                                                                                       [ 31%]
tests/test_personel_service.py::TestEkle::test_gecersiz_tc PASSED                                                                                                                                                                     [ 32%]
tests/test_personel_service.py::TestEkle::test_bos_ad PASSED                                                                                                                                                                          [ 33%]
tests/test_personel_service.py::TestEkle::test_bos_soyad PASSED                                                                                                                                                                       [ 33%]
tests/test_personel_service.py::TestEkle::test_tum_alanlar PASSED                                                                                                                                                                     [ 34%]
tests/test_personel_service.py::TestGetir::test_id_ile_getir PASSED                                                                                                                                                                   [ 35%]
tests/test_personel_service.py::TestGetir::test_olmayan_id PASSED                                                                                                                                                                     [ 36%]
tests/test_personel_service.py::TestGetir::test_tc_ile_getir PASSED                                                                                                                                                                   [ 37%]
tests/test_personel_service.py::TestGetir::test_olmayan_tc PASSED                                                                                                                                                                     [ 37%]
tests/test_personel_service.py::TestListele::test_bos_liste PASSED                                                                                                                                                                    [ 38%]
tests/test_personel_service.py::TestListele::test_iki_personel PASSED                                                                                                                                                                 [ 39%]
tests/test_personel_service.py::TestListele::test_soyad_sirasi PASSED                                                                                                                                                                 [ 40%]
tests/test_personel_service.py::TestListele::test_aktif_only_filtresi PASSED                                                                                                                                                          [ 40%]
tests/test_personel_service.py::TestGuncelle::test_alan_guncelleme PASSED                                                                                                                                                             [ 41%]
tests/test_personel_service.py::TestGuncelle::test_tc_degistirilemez PASSED                                                                                                                                                           [ 42%]
tests/test_personel_service.py::TestGuncelle::test_olmayan_personel PASSED                                                                                                                                                            [ 43%]
tests/test_personel_service.py::TestPasifeAl::test_pasif PASSED                                                                                                                                                                       [ 44%]
tests/test_personel_service.py::TestPasifeAl::test_zaten_ayrilmis PASSED                                                                                                                                                              [ 44%]
tests/test_personel_service.py::TestPasifeAl::test_gecersiz_tarih PASSED                                                                                                                                                              [ 45%]
tests/test_personel_service.py::TestSay::test_bos PASSED                                                                                                                                                                              [ 46%]
tests/test_personel_service.py::TestSay::test_iki_kayit PASSED                                                                                                                                                                        [ 47%]
tests/test_personel_service.py::TestSay::test_duruma_gore PASSED                                                                                                                                                                      [ 48%]
tests/test_personel_service.py::TestDropdown::test_hizmet_siniflari_dolu PASSED                                                                                                                                                       [ 48%]
tests/test_personel_service.py::TestDropdown::test_kadro_unvanlari_dolu PASSED                                                                                                                                                        [ 49%]
tests/test_personel_service.py::TestDropdown::test_gorev_yerleri_dolu PASSED                                                                                                                                                          [ 50%]
tests/test_personel_service.py::TestDropdown::test_gorev_yeri_sua_hakki PASSED                                                                                                                                                        [ 51%]
tests/test_personel_usecases.py::TestPersonelEkleUseCase::test_basarili_ve_gorev_yeri_ad_cozumu PASSED                                                                                                                                [ 51%]
tests/test_personel_usecases.py::TestPersonelEkleUseCase::test_ayni_tc_tekrar_eklenemez PASSED                                                                                                                                        [ 52%]
tests/test_personel_usecases.py::TestPersonelGuncelleUseCase::test_tc_ve_id_korunur PASSED                                                                                                                                            [ 53%]
tests/test_personel_usecases.py::TestPersonelPasifeAlUseCase::test_pasife_alir PASSED                                                                                                                                                 [ 54%]
tests/test_personel_usecases.py::TestPersonelPasifeAlUseCase::test_zaten_ayrildiysa_hata PASSED                                                                                                                                       [ 55%]
tests/test_policy_service.py::TestModulSetiGetir::test_yonetici_varsayilan_izinleri_var PASSED                                                                                                                                        [ 55%]
tests/test_policy_service.py::TestModulSetiGetir::test_kullanici_varsayilan_izinleri_sinirli PASSED                                                                                                                                   [ 56%]
tests/test_policy_service.py::TestModulSetiGetir::test_olmayan_rol_none_doner PASSED                                                                                                                                                  [ 57%]
tests/test_policy_service.py::TestRolModulleriniKaydet::test_admin_yonetici_izinlerini_guncelleyebilir PASSED                                                                                                                         [ 58%]
tests/test_policy_service.py::TestRolModulleriniKaydet::test_admin_rolunu_guncellemek_yasak PASSED                                                                                                                                    [ 59%]
tests/test_policy_service.py::TestRolModulleriniKaydet::test_yetersiz_yetki_ile_guncelleme_yasak PASSED                                                                                                                               [ 59%]
tests/test_policy_service.py::TestRolModulleriniKaydet::test_bos_set_kaydedilebilir PASSED                                                                                                                                            [ 60%]
tests/test_policy_service.py::TestTumRolModulleri::test_tum_roller_donuyor PASSED                                                                                                                                                     [ 61%]
tests/test_policy_service.py::TestTumRolModulleri::test_admin_none_veya_dolu_set PASSED                                                                                                                                               [ 62%]
tests/test_policy_usecases.py::TestTumRolModulleriGetirUseCase::test_admin_none_doner PASSED                                                                                                                                          [ 62%]
tests/test_policy_usecases.py::TestTumRolModulleriGetirUseCase::test_kullanici_set_doner PASSED                                                                                                                                       [ 63%]
tests/test_policy_usecases.py::TestRolModulleriniKaydetUseCase::test_admin_rolu_icin_hata PASSED                                                                                                                                      [ 64%]
tests/test_policy_usecases.py::TestRolModulleriniKaydetUseCase::test_yonetici_icin_kayit PASSED                                                                                                                                       [ 65%]
tests/test_rbac.py::TestRbacModul::test_admin_tum_modulleri_gorur PASSED                                                                                                                                                              [ 66%]
tests/test_rbac.py::TestRbacModul::test_kullanici_sistem_modullerini_goremez PASSED                                                                                                                                                   [ 66%]
tests/test_rbac.py::TestRbacEylem::test_admin_personel_pasife_alabilir PASSED                                                                                                                                                         [ 67%]
tests/test_rbac.py::TestRbacEylem::test_yonetici_personel_pasife_alamaz PASSED                                                                                                                                                        [ 68%]
tests/test_rbac.py::TestRbacEylem::test_kullanici_personel_guncelleyemez PASSED                                                                                                                                                       [ 69%]
tests/test_rbac.py::TestRbacYardimcilar::test_rol_yoksa_kullanici_doner PASSED                                                                                                                                                        [ 70%]
tests/test_rbac.py::TestRbacYardimcilar::test_modul_haritasi_kopya_doner PASSED                                                                                                                                                       [ 70%]
tests/test_rbac.py::TestRbacYardimcilar::test_eylem_haritasi_kopya_doner PASSED                                                                                                                                                       [ 71%]
tests/test_security_permissions.py::TestPermissions::test_has_permission_oturum_yetkilerinden_okur PASSED                                                                                                                             [ 72%]
tests/test_security_permissions.py::TestPermissions::test_has_permission_role_fallback_kullanir PASSED                                                                                                                                [ 73%]
tests/test_security_permissions.py::TestPermissions::test_require_permission_yoksa_hata_firlatir PASSED                                                                                                                               [ 74%]
tests/test_security_permissions.py::TestPolicy::test_is_admin_session PASSED                                                                                                                                                          [ 74%]
tests/test_security_permissions.py::TestPolicy::test_require_admin_session PASSED                                                                                                                                                     [ 75%]
tests/test_security_session.py::test_build_session_rol_ve_yetkileri_ekler PASSED                                                                                                                                                      [ 76%]
tests/test_security_session.py::test_build_session_rol_yoksa_kullanici_varsayilir PASSED                                                                                                                                              [ 77%]
tests/test_validators.py::TestTCDogrula::test_gecerli_tc PASSED                                                                                                                                                                       [ 77%]
tests/test_validators.py::TestTCDogrula::test_gecerli_tc_2 PASSED                                                                                                                                                                     [ 78%]
tests/test_validators.py::TestTCDogrula::test_kisa_tc PASSED                                                                                                                                                                          [ 79%]
tests/test_validators.py::TestTCDogrula::test_uzun_tc PASSED                                                                                                                                                                          [ 80%]
tests/test_validators.py::TestTCDogrula::test_bos_tc PASSED                                                                                                                                                                           [ 81%]
tests/test_validators.py::TestTCDogrula::test_ilk_rakam_sifir PASSED                                                                                                                                                                  [ 81%]
tests/test_validators.py::TestTCDogrula::test_harf_iceren PASSED                                                                                                                                                                      [ 82%]
tests/test_validators.py::TestTCDogrula::test_tamami_sifir PASSED                                                                                                                                                                     [ 83%]
tests/test_validators.py::TestTCDogrula::test_veya_hata_gecerli PASSED                                                                                                                                                                [ 84%]
tests/test_validators.py::TestTCDogrula::test_veya_hata_gecersiz PASSED                                                                                                                                                               [ 85%]
tests/test_validators.py::TestTarih::test_iso_parse PASSED                                                                                                                                                                            [ 85%]
tests/test_validators.py::TestTarih::test_turkce_parse PASSED                                                                                                                                                                         [ 86%]
tests/test_validators.py::TestTarih::test_none_parse PASSED                                                                                                                                                                           [ 87%]
tests/test_validators.py::TestTarih::test_gecersiz_parse PASSED                                                                                                                                                                       [ 88%]
tests/test_validators.py::TestTarih::test_format_iso PASSED                                                                                                                                                                           [ 88%]
tests/test_validators.py::TestTarih::test_format_ui PASSED                                                                                                                                                                            [ 89%]
tests/test_validators.py::TestTarih::test_format_none PASSED                                                                                                                                                                          [ 90%]
tests/test_validators.py::TestTarih::test_bitis_hesapla_1_gun PASSED                                                                                                                                                                  [ 91%]
tests/test_validators.py::TestTarih::test_bitis_hesapla_5_gun PASSED                                                                                                                                                                  [ 92%]
tests/test_validators.py::TestTarih::test_is_gunu_say_hafta_ici PASSED                                                                                                                                                                [ 92%]
tests/test_validators.py::TestTarih::test_is_gunu_say_hafta_sonu_haric PASSED                                                                                                                                                         [ 93%]
tests/test_validators.py::TestTarih::test_is_gunu_say_tatil_haric PASSED                                                                                                                                                              [ 94%]
tests/test_validators.py::TestGenel::test_zorunlu_dolu PASSED                                                                                                                                                                         [ 95%]
tests/test_validators.py::TestGenel::test_zorunlu_bos PASSED                                                                                                                                                                          [ 96%]
tests/test_validators.py::TestGenel::test_pozitif_sayi PASSED                                                                                                                                                                         [ 96%]
tests/test_validators.py::TestGenel::test_pozitif_sayi_sifir PASSED                                                                                                                                                                   [ 97%]
tests/test_validators.py::TestGenel::test_pozitif_sayi_negatif PASSED                                                                                                                                                                 [ 98%]
tests/test_validators.py::TestGenel::test_to_float PASSED                                                                                                                                                                             [ 99%]
tests/test_validators.py::TestGenel::test_to_int PASSED                                                                                                                                                                               [100%]

====================================================================================================== 127 passed in 68.13s (0:01:08) ======================================================================================================